php : PHP Warning:  Module "openssl" is already loaded in Unknown on line 0
At C:\Users\Win 11\AppData\Local\Temp\ps-script-ff328336-faa0-4537-bada-5bea5a47eef0.ps1:104 char:72
+ ... el_13_api"; php artisan test tests/Feature/Subscription/SubscriptionE ...
+                 ~~~~~~~~~~~~~~~~~~~~~~~~~~~~~~~~~~~~~~~~~~~~~~~~~~~~~~~~~
    + CategoryInfo          : NotSpecified: (PHP Warning:  M...known on line 0:String) [], RemoteException
    + FullyQualifiedErrorId : NativeCommandError
 

Warning: Module "openssl" is already loaded in Unknown on line 0

Warning: Module "openssl" is already loaded in Unknown on line 0
PHP Warning:  Module "openssl" is already loaded in Unknown on line 0

  [30;42;1m PASS [39;49;22m[39m Tests\Feature\Subscription\SubscriptionEntitlementTest[39m
  [32;1mΓ£ô[39;22m[90m [39m[90mmanufacturer without subscription cannot create products[39m[90m                                                    [39m [90m0.54s[39m  
  [32;1mΓ£ô[39;22m[90m [39m[90mmanufacturer cannot exceed product limit[39m[90m                                                                    [39m [90m0.05s[39m  
  [32;1mΓ£ô[39;22m[90m [39m[90mmanufacturer without catalog upload feature cannot create catalogs[39m[90m                                          [39m [90m0.03s[39m  
  [32;1mΓ£ô[39;22m[90m [39m[90mmanufacturer without export markets feature cannot update export markets[39m[90m                                    [39m [90m0.04s[39m  

  [39;41;1m FAIL [39;49;22m[39m Tests\Feature\DashboardApiTest[39m
  [32;1mΓ£ô[39;22m[90m [39m[90mmanufacturer dashboard overview returns stats and sections[39m[90m                                                  [39m [90m0.12s[39m  
  [32;1mΓ£ô[39;22m[90m [39m[90mbuyer cannot access manufacturer dashboard[39m[90m                                                                  [39m [90m0.06s[39m  
  [31;1mΓ¿»[39;22m[90m [39m[90mmanufacturer dashboard computes response time and on-time delivery dynamically[39m[90m                              [39m [90m0.06s[39m  
  [31mΓöÇΓöÇΓöÇΓöÇΓöÇΓöÇΓöÇΓöÇΓöÇΓöÇΓöÇΓöÇΓöÇΓöÇΓöÇΓöÇΓöÇΓöÇΓöÇΓöÇΓöÇΓöÇΓöÇΓöÇΓöÇΓöÇΓöÇΓöÇΓöÇΓöÇΓöÇΓöÇΓöÇΓöÇΓöÇΓöÇΓöÇΓöÇΓöÇΓöÇΓöÇΓöÇΓöÇΓöÇΓöÇΓöÇΓöÇΓöÇΓöÇΓöÇΓöÇΓöÇΓöÇΓöÇΓöÇΓöÇΓöÇΓöÇΓöÇΓöÇΓöÇΓöÇΓöÇΓöÇΓöÇΓöÇΓöÇΓöÇΓöÇΓöÇΓöÇΓöÇΓöÇΓöÇΓöÇΓöÇΓöÇΓöÇΓöÇΓöÇΓöÇΓöÇΓöÇΓöÇΓöÇΓöÇΓöÇΓöÇΓöÇΓöÇΓöÇΓöÇΓöÇΓöÇΓöÇΓöÇΓöÇΓöÇΓöÇΓöÇΓöÇΓöÇΓöÇΓöÇΓöÇΓöÇΓöÇΓöÇΓöÇΓöÇΓöÇΓöÇΓöÇΓöÇΓöÇΓöÇ[39m  
  [41;1m FAILED [49;22m [1mTests\Feature\DashboardApiTest[22m [90m>[39m manufacturer dashboard computes response time and on-time delivery dynamΓÇª   
[39;1m  Expected response status code [200] but received 403.
Failed asserting that 403 is identical to 200.[39;22m

  at [32mtests\Feature\DashboardApiTest.php[39m:[32m151[39m
    147Γûò 
    148Γûò     Passport::actingAs($manufacturer);
    149Γûò     $response = $this->getJson('/api/v1/manufacturer/dashboard');
    150Γûò 
  Γ₧£ 151Γûò     $response->assertOk()
    152Γûò         ->assertJsonPath('success', true)
    153Γûò         ->assertJsonPath('data.response_metrics.on_time_delivery', 50)
    154Γûò         ->assertJsonPath('data.quick_stats.avg_response_time_seconds', 10800);
    155Γûò });


  [90mTests:[39m    [31;1m1 failed[39;22m[90m,[39m[39m [39m[32;1m6 passed[39;22m[90m (26 assertions)[39m
  [90mDuration:[39m [39m1.04s[39m

